To Build: 104
  - AesonBson-0.4.1, Agda-2.8.0, ListLike-4.7.8.4, abstract-deque-tests-0.3, acid-state-0.16.1.4, active-0.2.1, ad-4.5.6, adjunctions-4.4.3, advent-of-code-api-0.2.9.1
  - aern2-mp-0.2.16.1, aern2-real-0.2.16.1, aeson-2.2.3.0, aeson-attoparsec-0.0.0, aeson-better-errors-0.9.1.3, aeson-casing-0.2.0.0, aeson-combinators-0.1.2.1
  - aeson-diff-1.1.0.13, aeson-gadt-th-0.2.5.4, aeson-generic-compat-0.0.2.0, aeson-jsonpath-0.3.0.2, aeson-pretty-0.8.10, aeson-qq-0.8.4, aeson-schemas-1.4.3.0
  - aeson-typescript-0.6.4.0, aeson-unqualified-ast-1.0.0.3, aeson-value-parser-0.19.7.2, aeson-warning-parser-0.1.1, aeson-yak-0.1.1.3, aeson-yaml-1.1.0.1
  - alex-meta-0.3.0.13, alfred-margaret-2.1.0.2, algebra-4.3.1, alternative-vector-0.0.0, alternators-1.0.0.0, amqp-0.24.0, apecs-0.9.6, apecs-gloss-0.2.4
  - apecs-physics-0.4.6, api-field-json-th-0.1.0.2, appendful-0.1.0.0, appendful-persistent-0.1.0.1, approximate-0.3.5, arithmoi-0.13.2.0, astro-0.4.3.0
  - async-refresh-0.3.0.0, async-refresh-tokens-0.4.0.0, atom-conduit-0.9.0.2, attoparsec-aeson-2.2.2.0, autodocodec-0.5.0.0, bitvec-1.1.5.0, chimera-0.4.1.0
  - conduit-1.3.6.1, conduit-extra-1.3.8, constraints-extras-0.4.0.2, crypton-connection-0.4.5, crypton-x509-system-1.6.7, crypton-x509-validation-1.6.14
  - dependent-sum-0.7.2.0, edit-distance-vector-1.0.0.4, enummapset-0.7.3.0, generated-0.1.0.0, gloss-1.13.2.2, gloss-rendering-1.13.2.1, haskell-src-meta-0.8.15
  - hspec-2.11.13, http-client-tls-0.3.6.4, indexed-traversable-instances-0.1.2, inline-c-0.9.1.10, kan-extensions-5.2.7, lens-5.3.5, libyaml-0.1.4, linear-1.23.2
  - log-domain-0.13.2, matrix-0.3.6.4, mixed-types-num-0.6.2, mod-0.2.1.0, monad-logger-0.3.42, mono-traversable-1.0.21.0, monoid-subclasses-1.2.6
  - nonempty-containers-0.3.5.0, nonempty-vector-0.2.4, persistent-2.17.1.0, pointed-5.0.5, process-extras-0.7.4, refined-0.8.2, rio-0.1.22.0, rio-prettyprint-0.1.8.0
  - safecopy-0.10.4.3, semialign-1.3.1, serialise-0.2.6.1, servant-0.20.3.0, servant-client-0.20.3.0, servant-client-core-0.20.3.0, string-interpolate-0.3.4.0
  - test-framework-hunit-0.3.0.2, th-lift-instances-0.1.20, timerep-2.1.0.0, tls-2.1.11, uri-bytestring-0.4.0.1, vector-algorithms-0.9.1.0, vector-hashtables-0.1.2.1
  - witherable-0.5, xml-conduit-1.10.0.1, yaml-0.11.11.2

Building: 6
  - GLUT-2.7.0.16, crypton-x509-store-1.6.11, free-5.2, haskell-src-exts-1.23.1, hspec-smallcheck-0.5.3, vector-0.13.2.0

Completed: 295
  - AC-Angle-1.0, ANum-0.2.0.4, GLURaw-2.0.0.5, HUnit-1.6.2.0, ObjectName-1.1.0.2, OneTuple-0.4.2, OpenGL-3.0.3.0, OpenGLRaw-3.3.4.1, QuickCheck-2.16.0.0
  - STMonadTrans-0.4.8.1, StateVar-1.2.2, Stream-0.4.7.2, abstract-deque-0.3, abstract-par-0.3.3, acc-0.2.0.3, ace-0.6, action-permutations-0.0.0.1, ad-delcont-0.5.0.0
  - adler32-0.1.2.0, aftovolio-0.8.0.0, agreeing-0.2.2.0, alarmclock-0.7.0.7, alex-3.5.4.0, alex-tools-0.6.1, algebraic-graphs-0.7, almost-fix-0.0.2
  - annotated-exception-0.3.0.4, annotated-wl-pprint-0.7.0, ansi-terminal-1.1.3, ansi-terminal-game-1.9.3.0, ansi-terminal-types-1.1.3, ansi-wl-pprint-1.0.2
  - ap-normalize-0.1.0.1, appar-0.1.8, appendmap-0.1.5, apply-merge-0.1.1.0, apply-refact-0.15.0.0, apportionment-0.0.0.4, approximate-equality-1.1.0.2
  - array-chunks-0.1.4.2, array-memoize-0.6.0, arrow-extras-0.1.0.1, arrows-0.4.4.2, ascii-char-1.0.1.0, ascii-progress-0.3.3.0, asn1-encoding-0.9.6, asn1-parse-0.9.5
  - asn1-types-0.3.4, assert-failure-0.1.3.0, assignment-0.0.1.0, assoc-1.1.1, async-2.2.5, async-extra-0.2.0.0, async-pool-0.9.2, atom-basic-0.2.5, atomic-counter-0.1.2.3
  - atomic-primops-0.8.8, atomic-write-0.2.1.1, attoparsec-0.14.4, attoparsec-base64-0.0.0, attoparsec-binary-0.2, attoparsec-data-1.0.5.4, attoparsec-expr-0.1.1.2
  - attoparsec-time-1.0.3.1, auto-update-0.2.6, base-compat-0.14.1, base-orphans-0.9.3, base16-bytestring-1.0.2.0, base64-bytestring-1.2.1.0, basement-0.0.16
  - bifunctors-5.6.2, binary-orphans-1.0.5, blaze-builder-0.4.4.1, blaze-html-0.9.2.0, blaze-markup-0.8.3.0, bmp-1.2.6.4, boring-0.2.2, boxes-0.1.5, bson-0.4.0.1
  - byteorder-1.0.4, bytes-0.17.4, cabal-doctest-1.0.11, call-stack-0.4.0, case-insensitive-1.2.1.0, cborg-0.2.10.0, cdar-mBound-0.1.0.4, cereal-0.5.8.3, character-ps-0.1
  - charset-0.3.12, cli-arguments-0.7.0.0, clock-0.8.4, collect-errors-0.1.6.0, colour-2.3.6, commutative-semigroups-0.2.0.2, comonad-5.0.9, concurrent-output-1.10.21
  - constraints-0.14.2, contravariant-1.5.5, cookie-0.5.1, cryptohash-md5-0.11.101.0, cryptohash-sha1-0.11.101.0, crypton-1.0.4, crypton-socks-0.6.2, crypton-x509-1.7.7
  - data-binary-ieee754-0.4.4, data-default-0.8.0.1, data-default-class-0.2.0.0, data-fix-0.3.4, data-hash-0.2.0.1, data-reify-0.6.4, dec-0.0.6, distributive-0.6.2.1
  - dlist-1.0, double-conversion-2.0.5.0, easy-file-0.2.5, ech-config-0.0.1, edit-distance-0.2.2.1, entropy-0.4.1.11, equivalence-0.4.1.1, erf-2.0.0.0, exact-pi-0.5.0.2
  - extensible-exceptions-0.1.1.4, extra-1.8, fail-4.9.0.0, fast-logger-3.2.6, fgl-5.8.3.0, file-embed-0.0.16.0, filelock-0.1.1.8, filemanip-0.3.6.3
  ...
